../Core/Src/main.c:88:13:uart2_write_blocking_it	24	static
../Core/Src/main.c:106:13:uart2_write_str	16	static
../Core/Src/main.c:111:6:HAL_UART_TxCpltCallback	24	static,ignoring_inline_asm
../Core/Src/main.c:120:6:HAL_UART_RxCpltCallback	24	static,ignoring_inline_asm
../Core/Src/main.c:135:6:HAL_UART_ErrorCallback	16	static
../Core/Src/main.c:143:13:motors_safe_off_pins	8	static
../Core/Src/main.c:151:13:motors_forward_pins	8	static
../Core/Src/main.c:159:13:motors_set_pwm_ccr	24	static
../Core/Src/main.c:171:13:motors_off	8	static
../Core/Src/main.c:178:13:motors_on	8	static
../Core/Src/main.c:186:13:print_help	8	static
../Core/Src/main.c:205:13:handle_line	640	static
../Core/Src/main.c:268:13:shell_task	24	static
../Core/Src/main.c:312:13:blink_task	24	static
../Core/Src/main.c:329:5:main	16	static
../Core/Src/main.c:396:6:SystemClock_Config	88	static
../Core/Src/main.c:450:6:HAL_TIM_PeriodElapsedCallback	16	static
../Core/Src/main.c:468:6:Error_Handler	4	static,ignoring_inline_asm
